<html>
<body>
<pre>
<h1>µVision Build Log</h1>
<h2>Tool Versions:</h2>
IDE-Version: ¦ÌVision V5.26.2.0
Copyright (C) 2018 ARM Ltd and ARM Germany GmbH. All rights reserved.
License Information: Zheng Joy, HP Inc., LIC=D0D7S-LFDVL-JJT6S-L0CBQ-GR973-UWXM7
 
Tool Versions:
Toolchain:       MDK-ARM Plus  Version: 5.26.2.0
Toolchain Path:  D:\KEIL\ARM\ARMCC\Bin
C Compiler:      Armcc.exe V5.06 update 6 (build 750)
Assembler:       Armasm.exe V5.06 update 6 (build 750)
Linker/Locator:  ArmLink.exe V5.06 update 6 (build 750)
Library Manager: ArmAr.exe V5.06 update 6 (build 750)
Hex Converter:   FromElf.exe V5.06 update 6 (build 750)
CPU DLL:         SARMCM3.DLL V5.26.2.0
Dialog DLL:      DARMSTM.DLL V1.68.0.0
Target DLL:      Segger\JL2CM3.dll V2.99.31.0
Dialog DLL:      TARMSTM.DLL V1.66.0.0
 
<h2>Project:</h2>
C:\Users\Joy\Desktop\X-Bot-master\Èí¼þ\X-Bot Firmware\_project\Template.uvprojx
Project File Date:  06/03/2021

<h2>Output:</h2>
*** Using Compiler 'V5.06 update 6 (build 750)', folder: 'D:\KEIL\ARM\ARMCC\Bin'
Build target 'STM32'
compiling coolant_control.c...
compiling nuts_bolts.c...
compiling limits.c...
compiling main.c...
compiling eeprom.c...
compiling motion_control.c...
compiling gcode.c...
compiling serial.c...
compiling report.c...
compiling probe.c...
compiling print.c...
compiling protocol.c...
compiling planner.c...
compiling settings.c...
compiling spindle_control.c...
compiling system.c...
compiling stepper.c...
linking...
Program Size: Code=44204 RO-data=1040 RW-data=76 ZI-data=5260  
FromELF: creating hex file...
".\_obj\Template.axf" - 0 Error(s), 0 Warning(s).

<h2>Software Packages used:</h2>

Package Vendor: Keil
                http://www.keil.com/pack/Keil.STM32F1xx_DFP.2.2.0.pack
                Keil.STM32F1xx_DFP.2.2.0
                STMicroelectronics STM32F1 Series Device Support, Drivers and Examples

<h2>Collection of Component include folders:</h2>
  .\RTE\_STM32
  D:\KEIL\Keil\STM32F1xx_DFP\2.2.0\Device\Include

<h2>Collection of Component Files used:</h2>
Build Time Elapsed:  00:00:07
</pre>
</body>
</html>
